============================= test session starts ==============================
platform linux -- Python 3.11.16, pytest-9.1.1, pluggy-1.6.0 -- /opt/hostedtoolcache/Python/3.11.16/x64/bin/python
cachedir: .pytest_cache
rootdir: /home/runner/work/TerMacroMetro/TerMacroMetro
plugins: anyio-4.15.1
collecting ... collected 33 items

tests/test_api.py::test_health_endpoint PASSED                           [  3%]
tests/test_api.py::test_models_endpoint PASSED                           [  6%]
tests/test_api.py::test_dashboard_endpoint PASSED                        [  9%]
tests/test_api.py::test_analyze_endpoint PASSED                          [ 12%]
tests/test_api.py::test_analyze_rejects_short_text PASSED                [ 15%]
tests/test_api_v2.py::test_v2_overview PASSED                            [ 18%]
tests/test_api_v2.py::test_v2_events PASSED                              [ 21%]
tests/test_api_v2.py::test_v2_topics PASSED                              [ 24%]
tests/test_api_v2.py::test_v2_indicators PASSED                          [ 27%]
tests/test_api_v2.py::test_v2_entities PASSED                            [ 30%]
tests/test_api_v2.py::test_v2_emerging_signals PASSED                    [ 33%]
tests/test_api_v2.py::test_v2_event_source_filter PASSED                 [ 36%]
tests/test_dates.py::test_fecha_iso_no_invierte_mes_y_dia PASSED         [ 39%]
tests/test_dates.py::test_fecha_iso_utc_se_convierte_a_bolivia PASSED    [ 42%]
tests/test_dates.py::test_fecha_espanol PASSED                           [ 45%]
tests/test_dates.py::test_fecha_numerica_dayfirst PASSED                 [ 48%]
tests/test_entities_preprocessing.py::test_preprocesamiento_clasico_conserva_negacion PASSED [ 51%]
tests/test_entities_preprocessing.py::test_preprocesamiento_lda_elimina_stopwords PASSED [ 54%]
tests/test_entities_preprocessing.py::test_sin_minuscula_no_es_entidad PASSED [ 57%]
tests/test_entities_preprocessing.py::test_sin_mayuscula_es_entidad PASSED [ 60%]
tests/test_entities_preprocessing.py::test_nombre_completo_sin_es_entidad PASSED [ 63%]
tests/test_entities_preprocessing.py::test_detecta_bcb_e_indicadores PASSED [ 66%]
tests/test_entities_preprocessing.py::test_contexto_boliviano_incluye_stress PASSED [ 69%]
tests/test_event_clustering.py::test_similar_news_are_clustered PASSED   [ 72%]
tests/test_event_clustering.py::test_event_summary_counts_sources PASSED [ 75%]
tests/test_event_clustering.py::test_unrelated_news_remain_separate PASSED [ 78%]
tests/test_event_quality.py::test_all_documents_receive_event_id PASSED  [ 81%]
tests/test_event_quality.py::test_event_document_sum_is_consistent PASSED [ 84%]
tests/test_event_quality.py::test_event_summary_has_sources PASSED       [ 87%]
tests/test_inference.py::test_analizador_rechaza_texto_corto PASSED      [ 90%]
tests/test_inference.py::test_analizador_clasico_devuelve_estructura PASSED [ 93%]
tests/test_inference.py::test_tema_pertenece_a_taxonomia_boliviana PASSED [ 96%]
tests/test_inference.py::test_detecta_contexto_boliviano PASSED          [100%]

=============================== warnings summary ===============================
../../../../../opt/hostedtoolcache/Python/3.11.16/x64/lib/python3.11/site-packages/fastapi/testclient.py:1
  /opt/hostedtoolcache/Python/3.11.16/x64/lib/python3.11/site-packages/fastapi/testclient.py:1: StarletteDeprecationWarning: Using `httpx` with `starlette.testclient` is deprecated; install `httpx2` instead.
    from starlette.testclient import TestClient as TestClient  # noqa

tests/test_api.py::test_health_endpoint
tests/test_api.py::test_models_endpoint
tests/test_api.py::test_dashboard_endpoint
tests/test_api.py::test_analyze_endpoint
tests/test_api.py::test_analyze_rejects_short_text
tests/test_inference.py::test_analizador_rechaza_texto_corto
  /opt/hostedtoolcache/Python/3.11.16/x64/lib/python3.11/site-packages/sklearn/base.py:525: InconsistentVersionWarning: Trying to unpickle estimator TfidfTransformer from version 1.9.0 when using version 1.9.1. This might lead to breaking code or invalid results. Use at your own risk. For more info please refer to:
  https://scikit-learn.org/stable/model_persistence.html#security-maintainability-limitations
    warnings.warn(

tests/test_api.py::test_health_endpoint
tests/test_api.py::test_models_endpoint
tests/test_api.py::test_dashboard_endpoint
tests/test_api.py::test_analyze_endpoint
tests/test_api.py::test_analyze_rejects_short_text
tests/test_inference.py::test_analizador_rechaza_texto_corto
  /opt/hostedtoolcache/Python/3.11.16/x64/lib/python3.11/site-packages/sklearn/base.py:525: InconsistentVersionWarning: Trying to unpickle estimator TfidfVectorizer from version 1.9.0 when using version 1.9.1. This might lead to breaking code or invalid results. Use at your own risk. For more info please refer to:
  https://scikit-learn.org/stable/model_persistence.html#security-maintainability-limitations
    warnings.warn(

tests/test_api.py::test_health_endpoint
tests/test_api.py::test_models_endpoint
tests/test_api.py::test_dashboard_endpoint
tests/test_api.py::test_analyze_endpoint
tests/test_api.py::test_analyze_rejects_short_text
tests/test_inference.py::test_analizador_rechaza_texto_corto
  /opt/hostedtoolcache/Python/3.11.16/x64/lib/python3.11/site-packages/sklearn/base.py:525: InconsistentVersionWarning: Trying to unpickle estimator MultinomialNB from version 1.9.0 when using version 1.9.1. This might lead to breaking code or invalid results. Use at your own risk. For more info please refer to:
  https://scikit-learn.org/stable/model_persistence.html#security-maintainability-limitations
    warnings.warn(

tests/test_api.py::test_health_endpoint
tests/test_api.py::test_models_endpoint
tests/test_api.py::test_dashboard_endpoint
tests/test_api.py::test_analyze_endpoint
tests/test_api.py::test_analyze_rejects_short_text
tests/test_inference.py::test_analizador_rechaza_texto_corto
  /opt/hostedtoolcache/Python/3.11.16/x64/lib/python3.11/site-packages/sklearn/base.py:525: InconsistentVersionWarning: Trying to unpickle estimator Pipeline from version 1.9.0 when using version 1.9.1. This might lead to breaking code or invalid results. Use at your own risk. For more info please refer to:
  https://scikit-learn.org/stable/model_persistence.html#security-maintainability-limitations
    warnings.warn(

-- Docs: https://docs.pytest.org/en/stable/how-to/capture-warnings.html
======================= 33 passed, 25 warnings in 5.94s ========================
